running egg_info
creating ../../build/waypoint_nav/waypoint_nav.egg-info
writing ../../build/waypoint_nav/waypoint_nav.egg-info/PKG-INFO
writing dependency_links to ../../build/waypoint_nav/waypoint_nav.egg-info/dependency_links.txt
writing requirements to ../../build/waypoint_nav/waypoint_nav.egg-info/requires.txt
writing top-level names to ../../build/waypoint_nav/waypoint_nav.egg-info/top_level.txt
writing manifest file '../../build/waypoint_nav/waypoint_nav.egg-info/SOURCES.txt'
reading manifest file '../../build/waypoint_nav/waypoint_nav.egg-info/SOURCES.txt'
writing manifest file '../../build/waypoint_nav/waypoint_nav.egg-info/SOURCES.txt'
running build
running build_py
creating /home/rishi/ros2_ws/build/waypoint_nav/build
creating /home/rishi/ros2_ws/build/waypoint_nav/build/lib
creating /home/rishi/ros2_ws/build/waypoint_nav/build/lib/waypoint_nav
copying waypoint_nav/waypoint_follower.py -> /home/rishi/ros2_ws/build/waypoint_nav/build/lib/waypoint_nav
copying waypoint_nav/__init__.py -> /home/rishi/ros2_ws/build/waypoint_nav/build/lib/waypoint_nav
copying waypoint_nav/pid_controller.py -> /home/rishi/ros2_ws/build/waypoint_nav/build/lib/waypoint_nav
copying waypoint_nav/obstacle_avoidance.py -> /home/rishi/ros2_ws/build/waypoint_nav/build/lib/waypoint_nav
running install
running install_lib
creating /home/rishi/ros2_ws/install/waypoint_nav/lib/python3.12/site-packages/waypoint_nav
copying /home/rishi/ros2_ws/build/waypoint_nav/build/lib/waypoint_nav/waypoint_follower.py -> /home/rishi/ros2_ws/install/waypoint_nav/lib/python3.12/site-packages/waypoint_nav
copying /home/rishi/ros2_ws/build/waypoint_nav/build/lib/waypoint_nav/__init__.py -> /home/rishi/ros2_ws/install/waypoint_nav/lib/python3.12/site-packages/waypoint_nav
copying /home/rishi/ros2_ws/build/waypoint_nav/build/lib/waypoint_nav/pid_controller.py -> /home/rishi/ros2_ws/install/waypoint_nav/lib/python3.12/site-packages/waypoint_nav
copying /home/rishi/ros2_ws/build/waypoint_nav/build/lib/waypoint_nav/obstacle_avoidance.py -> /home/rishi/ros2_ws/install/waypoint_nav/lib/python3.12/site-packages/waypoint_nav
byte-compiling /home/rishi/ros2_ws/install/waypoint_nav/lib/python3.12/site-packages/waypoint_nav/waypoint_follower.py to waypoint_follower.cpython-312.pyc
byte-compiling /home/rishi/ros2_ws/install/waypoint_nav/lib/python3.12/site-packages/waypoint_nav/__init__.py to __init__.cpython-312.pyc
Sorry: IndentationError: expected an indented block after function definition on line 30 (waypoint_follower.py, line 31)
byte-compiling /home/rishi/ros2_ws/install/waypoint_nav/lib/python3.12/site-packages/waypoint_nav/pid_controller.py to pid_controller.cpython-312.pyc
byte-compiling /home/rishi/ros2_ws/install/waypoint_nav/lib/python3.12/site-packages/waypoint_nav/obstacle_avoidance.py to obstacle_avoidance.cpython-312.pyc
running install_data
creating /home/rishi/ros2_ws/install/waypoint_nav/share/ament_index
creating /home/rishi/ros2_ws/install/waypoint_nav/share/ament_index/resource_index
creating /home/rishi/ros2_ws/install/waypoint_nav/share/ament_index/resource_index/packages
copying resource/waypoint_nav -> /home/rishi/ros2_ws/install/waypoint_nav/share/ament_index/resource_index/packages
copying package.xml -> /home/rishi/ros2_ws/install/waypoint_nav/share/waypoint_nav
running install_egg_info
Copying ../../build/waypoint_nav/waypoint_nav.egg-info to /home/rishi/ros2_ws/install/waypoint_nav/lib/python3.12/site-packages/waypoint_nav-0.0.0-py3.12.egg-info
running install_scripts
writing list of installed files to '/home/rishi/ros2_ws/build/waypoint_nav/install.log'
