[0.713s] Invoking command in '/home/rishi/ros2_ws/src/waypoint_nav': DEBUGINFOD_URLS=https://debuginfod.ubuntu.com PYTHONPATH=/home/rishi/ros2_ws/build/waypoint_nav/prefix_override:/usr/lib/python3/dist-packages/colcon_core/task/python/colcon_distutils_commands:/home/rishi/ros2_ws/install/waypoint_nav/lib/python3.12/site-packages:${PYTHONPATH} /usr/bin/python3 -W ignore:setup.py install is deprecated -W ignore:easy_install command is deprecated setup.py egg_info --egg-base ../../build/waypoint_nav build --build-base /home/rishi/ros2_ws/build/waypoint_nav/build install --record /home/rishi/ros2_ws/build/waypoint_nav/install.log --single-version-externally-managed install_data
[0.877s] running egg_info
[0.877s] creating ../../build/waypoint_nav/waypoint_nav.egg-info
[0.885s] writing ../../build/waypoint_nav/waypoint_nav.egg-info/PKG-INFO
[0.885s] writing dependency_links to ../../build/waypoint_nav/waypoint_nav.egg-info/dependency_links.txt
[0.886s] writing requirements to ../../build/waypoint_nav/waypoint_nav.egg-info/requires.txt
[0.886s] writing top-level names to ../../build/waypoint_nav/waypoint_nav.egg-info/top_level.txt
[0.886s] writing manifest file '../../build/waypoint_nav/waypoint_nav.egg-info/SOURCES.txt'
[0.903s] reading manifest file '../../build/waypoint_nav/waypoint_nav.egg-info/SOURCES.txt'
[0.903s] writing manifest file '../../build/waypoint_nav/waypoint_nav.egg-info/SOURCES.txt'
[0.903s] running build
[0.903s] running build_py
[0.904s] creating /home/rishi/ros2_ws/build/waypoint_nav/build
[0.904s] creating /home/rishi/ros2_ws/build/waypoint_nav/build/lib
[0.904s] creating /home/rishi/ros2_ws/build/waypoint_nav/build/lib/waypoint_nav
[0.904s] copying waypoint_nav/waypoint_follower.py -> /home/rishi/ros2_ws/build/waypoint_nav/build/lib/waypoint_nav
[0.904s] copying waypoint_nav/__init__.py -> /home/rishi/ros2_ws/build/waypoint_nav/build/lib/waypoint_nav
[0.904s] copying waypoint_nav/pid_controller.py -> /home/rishi/ros2_ws/build/waypoint_nav/build/lib/waypoint_nav
[0.904s] copying waypoint_nav/obstacle_avoidance.py -> /home/rishi/ros2_ws/build/waypoint_nav/build/lib/waypoint_nav
[0.904s] running install
[0.907s] running install_lib
[0.916s] creating /home/rishi/ros2_ws/install/waypoint_nav/lib/python3.12/site-packages/waypoint_nav
[0.916s] copying /home/rishi/ros2_ws/build/waypoint_nav/build/lib/waypoint_nav/waypoint_follower.py -> /home/rishi/ros2_ws/install/waypoint_nav/lib/python3.12/site-packages/waypoint_nav
[0.916s] copying /home/rishi/ros2_ws/build/waypoint_nav/build/lib/waypoint_nav/__init__.py -> /home/rishi/ros2_ws/install/waypoint_nav/lib/python3.12/site-packages/waypoint_nav
[0.916s] copying /home/rishi/ros2_ws/build/waypoint_nav/build/lib/waypoint_nav/pid_controller.py -> /home/rishi/ros2_ws/install/waypoint_nav/lib/python3.12/site-packages/waypoint_nav
[0.916s] copying /home/rishi/ros2_ws/build/waypoint_nav/build/lib/waypoint_nav/obstacle_avoidance.py -> /home/rishi/ros2_ws/install/waypoint_nav/lib/python3.12/site-packages/waypoint_nav
[0.917s] byte-compiling /home/rishi/ros2_ws/install/waypoint_nav/lib/python3.12/site-packages/waypoint_nav/waypoint_follower.py to waypoint_follower.cpython-312.pyc
[0.917s] byte-compiling /home/rishi/ros2_ws/install/waypoint_nav/lib/python3.12/site-packages/waypoint_nav/__init__.py to __init__.cpython-312.pyc
[0.917s] Sorry: IndentationError: expected an indented block after function definition on line 30 (waypoint_follower.py, line 31)
[0.917s] byte-compiling /home/rishi/ros2_ws/install/waypoint_nav/lib/python3.12/site-packages/waypoint_nav/pid_controller.py to pid_controller.cpython-312.pyc
[0.917s] byte-compiling /home/rishi/ros2_ws/install/waypoint_nav/lib/python3.12/site-packages/waypoint_nav/obstacle_avoidance.py to obstacle_avoidance.cpython-312.pyc
[0.917s] running install_data
[0.917s] creating /home/rishi/ros2_ws/install/waypoint_nav/share/ament_index
[0.917s] creating /home/rishi/ros2_ws/install/waypoint_nav/share/ament_index/resource_index
[0.917s] creating /home/rishi/ros2_ws/install/waypoint_nav/share/ament_index/resource_index/packages
[0.918s] copying resource/waypoint_nav -> /home/rishi/ros2_ws/install/waypoint_nav/share/ament_index/resource_index/packages
[0.918s] copying package.xml -> /home/rishi/ros2_ws/install/waypoint_nav/share/waypoint_nav
[0.918s] running install_egg_info
[0.927s] Copying ../../build/waypoint_nav/waypoint_nav.egg-info to /home/rishi/ros2_ws/install/waypoint_nav/lib/python3.12/site-packages/waypoint_nav-0.0.0-py3.12.egg-info
[0.927s] running install_scripts
[0.988s] writing list of installed files to '/home/rishi/ros2_ws/build/waypoint_nav/install.log'
[1.005s] Invoked command in '/home/rishi/ros2_ws/src/waypoint_nav' returned '0': DEBUGINFOD_URLS=https://debuginfod.ubuntu.com PYTHONPATH=/home/rishi/ros2_ws/build/waypoint_nav/prefix_override:/usr/lib/python3/dist-packages/colcon_core/task/python/colcon_distutils_commands:/home/rishi/ros2_ws/install/waypoint_nav/lib/python3.12/site-packages:${PYTHONPATH} /usr/bin/python3 -W ignore:setup.py install is deprecated -W ignore:easy_install command is deprecated setup.py egg_info --egg-base ../../build/waypoint_nav build --build-base /home/rishi/ros2_ws/build/waypoint_nav/build install --record /home/rishi/ros2_ws/build/waypoint_nav/install.log --single-version-externally-managed install_data
